2.8284271247461903
1
TL
6.708203932499369
3
BR
64.62197768561404
21
BR
