Not Safe
Safe
Not Safe
Not Safe
Not Safe
Not Safe
Not Safe
Not Safe
Not Safe
Safe
Safe
