+------------------------------+--------+-------------+
|Contest name                  |Date    |ABCDEFGHIJKLM|
+------------------------------+--------+-------------+
|Codeforces Gamma Round 512    |29.02.16|ooo.o        |
+------------------------------+--------+-------------+
|URKOP                         |17.10.15|oo..xo.o.o.. |
+------------------------------+--------+-------------+
