kiryu
bubba
coco
ollie

ollie
udin
coco
kiryu
amelia
bubba
