EDCB
CHUHKWBR.
UPEA
ROAD
PWRAYF_LWNHAXWH.RHPWRAJAX_HMWJHPWRAORQ.
FGVTGXPQEAGDAQVAIPKTVU
REVERSE_ROT
