1
199648871
399297742
199648871
199648871
598946614
199648873
2
2
2
