2
5040
403291461126605635584000000
49229914688306352000000
29937600
