12454
9395
11746
16743
19570
13749
9456
10435
13250
10736
19193
6521
11370
12188
19384
12496
19126
11230
15570
12607
17845
19658
8517
17238
15849
272
8633
12181
4479
14360
19351
19816
1829
19753
3469
10147
17302
11811
10907
12550
12829
15606
10952
14065
16583
10541
11394
19143
10198
9319
10615
11714
3576
7219
15048
16733
19100
12345
10721
3241
18694
10430
11328
16228
11924
13355
19902
10695
17886
11907
16763
8114
10285
6959
12851
14713
10123
8284
10046
10564
16417
18522
18985
10333
10832
19686
15924
10400
10306
10294
10181
12958
18031
10209
17216
19912
12785
2176
