20000
8890
9072
9424
9496
9449
9329
11663
11877
20000
6703
10193
11867
12945
11910
13341
14253
20000
11974
4658
13600
8678
9743
20000
15541
20000
14827
14840
13889
14699
15563
5645
9195
11323
2693
16476
17029
9358
20000
12452
1802
5228
3607
19074
16171
7256
15754
14417
