7197
4862
7815
8013
4779
6737
7894
5472
7974
7329
8160
5566
5846
3788
7974
6339
6303
5326
6583
7339
7214
4245
4522
7606
7376
2130
8008
8031
2967
7938
6348
7802
6892
7985
7786
6642
7236
6776
1706
4764
6880
3240
5553
2929
3852
2053
2551
8026
7385
7162
8016
6245
7174
5833
6565
5517
7799
7694
7514
3460
1579
6345
7049
7433
