12347
16991
6502
15835
11808
15654
17279
19827
19074
18697
14880
9778
17802
14952
13069
17101
19515
11908
17776
19539
16316
15911
17242
17459
10443
19590
18072
14096
6288
11669
19709
11550
14144
14368
18333
17969
18989
18885
19707
19060
4835
19355
17947
19122
18214
14640
19784
10526
15136
18649
17907
19718
7197
18982
19846
19710
17194
18005
19160
4057
14357
13580
19832
18393
15291
18604
